APPLIED-STAGED oldName=formatMessage newName=format oldReturnType=String newReturnType=String
---DIFF---
--- a/src/main/java/com/example/RefactoringTarget.java
+++ b/src/main/java/com/example/RefactoringTarget.java
@@ -69,7 +69,7 @@
     /**
      * Method with parameters for signature change.
      */
-    public String formatMessage(String message, int count) {
+    public String format(String message, int count) {
         return message + ": " + count;
     }
 
@@ -77,9 +77,9 @@
      * Method that calls formatMessage.
      */
     public void printMessages() {
-        String result = formatMessage("Items", 5);
+        String result = format("Items", 5);
         System.out.println(result);
-        System.out.println(formatMessage("Total", 10));
+        System.out.println(format("Total", 10));
     }
 
     /**

