APPLIED-STAGED symbolKind=Class oldName=HelloWorld newName=Greeting fileRenamed=HelloWorld.java -> Greeting.java
---DIFF---
--- a/src/main/java/com/example/HelloWorld.java
+++ b/src/main/java/com/example/HelloWorld.java
@@ -3,13 +3,13 @@
 /**
  * Basic hello world class for testing.
  */
-public class HelloWorld {
+public class Greeting {
     private String greeting;
 
     /**
      * Creates a new HelloWorld with default greeting.
      */
-    public HelloWorld() {
+    public Greeting() {
         this.greeting = "Hello, World!";
     }
 
@@ -17,7 +17,7 @@
      * Creates a new HelloWorld with custom greeting.
      * @param greeting the greeting message
      */
-    public HelloWorld(String greeting) {
+    public Greeting(String greeting) {
         this.greeting = greeting;
     }
 
@@ -49,7 +49,7 @@
      * @param args command line arguments
      */
     public static void main(String[] args) {
-        HelloWorld hello = new HelloWorld();
+        Greeting hello = new Greeting();
         hello.printGreeting();
     }
 }

